// Jest Snapshot v1, https://goo.gl/fbAQLP

exports[`Sidemenu it should render properly (Snapshot) 1`] = `
<div
  class="Sidebar-s1k8e3n3-0 grVhnF"
>
  <div
    class="Sidemenu__Logo-pz2x40-0 jycxIV"
  >
    <img
      alt=""
      src="/static/logo.png"
    />
  </div>
  <a
    class="active Sidebar__NavA-s1k8e3n3-1 kMbYHo"
    href="/"
  >
    <svg
      aria-hidden="true"
      fill="#fff"
      height="40"
      version="1.1"
      viewBox="0 0 10 16"
      width="40"
    >
      <path
        d="M10 5c0-1.11-.89-2-2-2a1.993 1.993 0 0 0-1 3.72v.3c-.02.52-.23.98-.63 1.38-.4.4-.86.61-1.38.63-.83.02-1.48.16-2 .45V4.72a1.993 1.993 0 0 0-1-3.72C.88 1 0 1.89 0 3a2 2 0 0 0 1 1.72v6.56c-.59.35-1 .99-1 1.72 0 1.11.89 2 2 2 1.11 0 2-.89 2-2 0-.53-.2-1-.53-1.36.09-.06.48-.41.59-.47.25-.11.56-.17.94-.17 1.05-.05 1.95-.45 2.75-1.25S8.95 7.77 9 6.73h-.02C9.59 6.37 10 5.73 10 5zM2 1.8c.66 0 1.2.55 1.2 1.2 0 .65-.55 1.2-1.2 1.2C1.35 4.2.8 3.65.8 3c0-.65.55-1.2 1.2-1.2zm0 12.41c-.66 0-1.2-.55-1.2-1.2 0-.65.55-1.2 1.2-1.2.65 0 1.2.55 1.2 1.2 0 .65-.55 1.2-1.2 1.2zm6-8c-.66 0-1.2-.55-1.2-1.2 0-.65.55-1.2 1.2-1.2.65 0 1.2.55 1.2 1.2 0 .65-.55 1.2-1.2 1.2z"
        fill-rule="evenodd"
      />
    </svg>
  </a>
  <a
    class="Sidebar__NavA-s1k8e3n3-1 kMbYHo"
    data-testid="tren"
    href="/trending"
  >
    <svg
      fill="#FFFFFF"
      height="40"
      viewBox="0 0 24 24"
      width="40"
      xmlns="http://www.w3.org/2000/svg"
    >
      <path
        d="M13.5.67s.74 2.65.74 4.8c0 2.06-1.35 3.73-3.41 3.73-2.07 0-3.63-1.67-3.63-3.73l.03-.36C5.21 7.51 4 10.62 4 14c0 4.42 3.58 8 8 8s8-3.58 8-8C20 8.61 17.41 3.8 13.5.67zM11.71 19c-1.78 0-3.22-1.4-3.22-3.14 0-1.62 1.05-2.76 2.81-3.12 1.77-.36 3.6-1.21 4.62-2.58.39 1.29.59 2.65.59 4.04 0 2.65-2.15 4.8-4.8 4.8z"
      />
      <path
        d="M0 0h24v24H0z"
        fill="none"
      />
    </svg>
  </a>
  <a
    class="Sidebar__NavA-s1k8e3n3-1 kMbYHo"
    href="/editors-choice"
  >
    <svg
      fill="#FFFFFF"
      height="40"
      viewBox="0 0 24 24"
      width="40"
      xmlns="http://www.w3.org/2000/svg"
    >
      <path
        d="M0 0h24v24H0z"
        fill="none"
      />
      <path
        d="M11.99 2C6.47 2 2 6.48 2 12s4.47 10 9.99 10C17.52 22 22 17.52 22 12S17.52 2 11.99 2zm4.24 16L12 15.45 7.77 18l1.12-4.81-3.73-3.23 4.92-.42L12 5l1.92 4.53 4.92.42-3.73 3.23L16.23 18z"
      />
    </svg>
  </a>
  <a
    class="Sidebar__NavA-s1k8e3n3-1 kMbYHo"
    href="/user/5af09c857eba02005a03f756"
  >
    <svg
      fill="#fff"
      height="50"
      viewBox="0 0 24 24"
      width="50"
      xmlns="http://www.w3.org/2000/svg"
    >
      <path
        d="M12 2C6.48 2 2 6.48 2 12s4.48 10 10 10 10-4.48 10-10S17.52 2 12 2zm0 3c1.66 0 3 1.34 3 3s-1.34 3-3 3-3-1.34-3-3 1.34-3 3-3zm0 14.2c-2.5 0-4.71-1.28-6-3.22.03-1.99 4-3.08 6-3.08 1.99 0 5.97 1.09 6 3.08-1.29 1.94-3.5 3.22-6 3.22z"
      />
      <path
        d="M0 0h24v24H0z"
        fill="none"
      />
    </svg>
  </a>
</div>
`;
